\BOOKMARK [1][-]{section.1}{\376\377\0001\000\040\000F\000I\000N\000D\000S\000:\000\040\000T\000h\000e\000\040\000F\000i\000s\000h\000\040\000I\000N\000t\000e\000r\000a\000c\000t\000i\000o\000n\000\040\000a\000n\000d\000\040\000D\000y\000n\000a\000m\000i\000c\000s\000\040\000S\000i\000m\000u\000l\000a\000t\000o\000r}{}% 1
\BOOKMARK [2][-]{subsection.1.1}{\376\377\0001\000.\0001\000\040\000S\000E\000T\000U\000P}{section.1}% 2
\BOOKMARK [3][-]{subsubsection.1.1.1}{\376\377\0001\000.\0001\000.\0001\000\040\000S\000e\000t\000u\000p\000\040\000E\000x\000a\000m\000p\000l\000e\000\040\000f\000o\000r\000\040\000D\000e\000b\000i\000a\000n\000-\000D\000e\000r\000i\000v\000e\000d\000\040\000S\000y\000s\000t\000e\000m\000s}{subsection.1.1}% 3
\BOOKMARK [3][-]{subsubsection.1.1.2}{\376\377\0001\000.\0001\000.\0002\000\040\000D\000o\000c\000k\000e\000r}{subsection.1.1}% 4
\BOOKMARK [3][-]{subsubsection.1.1.3}{\376\377\0001\000.\0001\000.\0003\000\040\000G\000N\000U\000\040\000M\000a\000k\000e}{subsection.1.1}% 5
\BOOKMARK [2][-]{subsection.1.2}{\376\377\0001\000.\0002\000\040\000A\000c\000k\000n\000o\000w\000l\000e\000d\000g\000e\000m\000e\000n\000t\000s}{section.1}% 6
\BOOKMARK [1][-]{section.2}{\376\377\0002\000\040\000H\000i\000e\000r\000a\000r\000c\000h\000i\000c\000a\000l\000\040\000I\000n\000d\000e\000x}{}% 7
\BOOKMARK [2][-]{subsection.2.1}{\376\377\0002\000.\0001\000\040\000C\000l\000a\000s\000s\000\040\000H\000i\000e\000r\000a\000r\000c\000h\000y}{section.2}% 8
\BOOKMARK [1][-]{section.3}{\376\377\0003\000\040\000C\000l\000a\000s\000s\000\040\000I\000n\000d\000e\000x}{}% 9
\BOOKMARK [2][-]{subsection.3.1}{\376\377\0003\000.\0001\000\040\000C\000l\000a\000s\000s\000\040\000L\000i\000s\000t}{section.3}% 10
\BOOKMARK [1][-]{section.4}{\376\377\0004\000\040\000F\000i\000l\000e\000\040\000I\000n\000d\000e\000x}{}% 11
\BOOKMARK [2][-]{subsection.4.1}{\376\377\0004\000.\0001\000\040\000F\000i\000l\000e\000\040\000L\000i\000s\000t}{section.4}% 12
\BOOKMARK [1][-]{section.5}{\376\377\0005\000\040\000C\000l\000a\000s\000s\000\040\000D\000o\000c\000u\000m\000e\000n\000t\000a\000t\000i\000o\000n}{}% 13
\BOOKMARK [2][-]{subsection.5.1}{\376\377\0005\000.\0001\000\040\000p\000r\000o\000c\000e\000s\000s\000i\000n\000g\000m\000o\000d\000u\000l\000e\000s\000.\000A\000n\000i\000m\000a\000t\000i\000o\000n\000G\000e\000n\000e\000r\000a\000t\000o\000r\000.\000A\000n\000i\000m\000a\000t\000i\000o\000n\000G\000e\000n\000e\000r\000a\000t\000o\000r\000\040\000C\000l\000a\000s\000s\000\040\000R\000e\000f\000e\000r\000e\000n\000c\000e}{section.5}% 14
\BOOKMARK [3][-]{subsubsection.5.1.1}{\376\377\0005\000.\0001\000.\0001\000\040\000D\000e\000t\000a\000i\000l\000e\000d\000\040\000D\000e\000s\000c\000r\000i\000p\000t\000i\000o\000n}{subsection.5.1}% 15
\BOOKMARK [3][-]{subsubsection.5.1.2}{\376\377\0005\000.\0001\000.\0002\000\040\000M\000e\000m\000b\000e\000r\000\040\000F\000u\000n\000c\000t\000i\000o\000n\000\040\000D\000o\000c\000u\000m\000e\000n\000t\000a\000t\000i\000o\000n}{subsection.5.1}% 16
\BOOKMARK [2][-]{subsection.5.2}{\376\377\0005\000.\0002\000\040\000b\000e\000n\000c\000h\000m\000a\000r\000k\000\137\000o\000p\000t\000i\000o\000n\000s\000\137\000t\000\040\000S\000t\000r\000u\000c\000t\000\040\000R\000e\000f\000e\000r\000e\000n\000c\000e}{section.5}% 17
\BOOKMARK [2][-]{subsection.5.3}{\376\377\0005\000.\0003\000\040\000c\000m\000d\000l\000i\000n\000e\000\137\000a\000r\000g\000s\000\137\000t\000\040\000S\000t\000r\000u\000c\000t\000\040\000R\000e\000f\000e\000r\000e\000n\000c\000e}{section.5}% 18
\BOOKMARK [2][-]{subsection.5.4}{\376\377\0005\000.\0004\000\040\000c\000o\000n\000s\000t\000a\000n\000t\000\137\000o\000p\000t\000i\000o\000n\000s\000\137\000t\000\040\000S\000t\000r\000u\000c\000t\000\040\000R\000e\000f\000e\000r\000e\000n\000c\000e}{section.5}% 19
\BOOKMARK [3][-]{subsubsection.5.4.1}{\376\377\0005\000.\0004\000.\0001\000\040\000D\000e\000t\000a\000i\000l\000e\000d\000\040\000D\000e\000s\000c\000r\000i\000p\000t\000i\000o\000n}{subsection.5.4}% 20
\BOOKMARK [2][-]{subsection.5.5}{\376\377\0005\000.\0005\000\040\000p\000r\000o\000c\000e\000s\000s\000i\000n\000g\000m\000o\000d\000u\000l\000e\000s\000.\000C\000r\000o\000s\000s\000S\000e\000c\000t\000i\000o\000n\000G\000e\000n\000e\000r\000a\000t\000o\000r\000.\000C\000r\000o\000s\000s\000S\000e\000c\000t\000i\000o\000n\000G\000e\000n\000e\000r\000a\000t\000o\000r\000\040\000C\000l\000a\000s\000s\000\040\000R\000e\000f\000e\000r\000e\000n\000c\000e}{section.5}% 21
\BOOKMARK [3][-]{subsubsection.5.5.1}{\376\377\0005\000.\0005\000.\0001\000\040\000D\000e\000t\000a\000i\000l\000e\000d\000\040\000D\000e\000s\000c\000r\000i\000p\000t\000i\000o\000n}{subsection.5.5}% 22
\BOOKMARK [3][-]{subsubsection.5.5.2}{\376\377\0005\000.\0005\000.\0002\000\040\000M\000e\000m\000b\000e\000r\000\040\000F\000u\000n\000c\000t\000i\000o\000n\000\040\000D\000o\000c\000u\000m\000e\000n\000t\000a\000t\000i\000o\000n}{subsection.5.5}% 23
\BOOKMARK [2][-]{subsection.5.6}{\376\377\0005\000.\0006\000\040\000d\000a\000t\000a\000s\000t\000r\000e\000a\000m\000\137\000t\000\040\000S\000t\000r\000u\000c\000t\000\040\000R\000e\000f\000e\000r\000e\000n\000c\000e}{section.5}% 24
\BOOKMARK [3][-]{subsubsection.5.6.1}{\376\377\0005\000.\0006\000.\0001\000\040\000D\000e\000t\000a\000i\000l\000e\000d\000\040\000D\000e\000s\000c\000r\000i\000p\000t\000i\000o\000n}{subsection.5.6}% 25
\BOOKMARK [2][-]{subsection.5.7}{\376\377\0005\000.\0007\000\040\000p\000r\000o\000c\000e\000s\000s\000i\000n\000g\000m\000o\000d\000u\000l\000e\000s\000.\000D\000e\000n\000s\000i\000t\000y\000A\000n\000i\000m\000a\000t\000i\000o\000n\000G\000e\000n\000e\000r\000a\000t\000o\000r\000.\000D\000e\000n\000s\000i\000t\000y\000A\000n\000i\000m\000a\000t\000i\000o\000n\000G\000e\000n\000e\000r\000a\000t\000o\000r\000\040\000C\000l\000a\000s\000s\000\040\000R\000e\000f\000e\000r\000e\000n\000c\000e}{section.5}% 26
\BOOKMARK [3][-]{subsubsection.5.7.1}{\376\377\0005\000.\0007\000.\0001\000\040\000D\000e\000t\000a\000i\000l\000e\000d\000\040\000D\000e\000s\000c\000r\000i\000p\000t\000i\000o\000n}{subsection.5.7}% 27
\BOOKMARK [3][-]{subsubsection.5.7.2}{\376\377\0005\000.\0007\000.\0002\000\040\000M\000e\000m\000b\000e\000r\000\040\000F\000u\000n\000c\000t\000i\000o\000n\000\040\000D\000o\000c\000u\000m\000e\000n\000t\000a\000t\000i\000o\000n}{subsection.5.7}% 28
\BOOKMARK [2][-]{subsection.5.8}{\376\377\0005\000.\0008\000\040\000d\000e\000r\000i\000v\000a\000t\000i\000v\000e\000\137\000c\000o\000m\000p\000u\000t\000a\000t\000i\000o\000n\000\137\000o\000p\000t\000s\000\137\000t\000\040\000S\000t\000r\000u\000c\000t\000\040\000R\000e\000f\000e\000r\000e\000n\000c\000e}{section.5}% 29
\BOOKMARK [3][-]{subsubsection.5.8.1}{\376\377\0005\000.\0008\000.\0001\000\040\000D\000e\000t\000a\000i\000l\000e\000d\000\040\000D\000e\000s\000c\000r\000i\000p\000t\000i\000o\000n}{subsection.5.8}% 30
\BOOKMARK [2][-]{subsection.5.9}{\376\377\0005\000.\0009\000\040\000d\000e\000r\000i\000v\000a\000t\000i\000v\000e\000\137\000w\000e\000i\000g\000h\000t\000\137\000t\000\040\000S\000t\000r\000u\000c\000t\000\040\000R\000e\000f\000e\000r\000e\000n\000c\000e}{section.5}% 31
\BOOKMARK [3][-]{subsubsection.5.9.1}{\376\377\0005\000.\0009\000.\0001\000\040\000D\000e\000t\000a\000i\000l\000e\000d\000\040\000D\000e\000s\000c\000r\000i\000p\000t\000i\000o\000n}{subsection.5.9}% 32
\BOOKMARK [2][-]{subsection.5.10}{\376\377\0005\000.\0001\0000\000\040\000d\000i\000s\000t\000r\000i\000b\000u\000t\000i\000o\000n\000\137\000o\000p\000t\000i\000o\000n\000s\000\137\000t\000\040\000S\000t\000r\000u\000c\000t\000\040\000R\000e\000f\000e\000r\000e\000n\000c\000e}{section.5}% 33
\BOOKMARK [3][-]{subsubsection.5.10.1}{\376\377\0005\000.\0001\0000\000.\0001\000\040\000D\000e\000t\000a\000i\000l\000e\000d\000\040\000D\000e\000s\000c\000r\000i\000p\000t\000i\000o\000n}{subsection.5.10}% 34
\BOOKMARK [2][-]{subsection.5.11}{\376\377\0005\000.\0001\0001\000\040\000d\000o\000u\000b\000l\000e\000\137\0003\000d\000\137\000t\000\040\000U\000n\000i\000o\000n\000\040\000R\000e\000f\000e\000r\000e\000n\000c\000e}{section.5}% 35
\BOOKMARK [3][-]{subsubsection.5.11.1}{\376\377\0005\000.\0001\0001\000.\0001\000\040\000D\000e\000t\000a\000i\000l\000e\000d\000\040\000D\000e\000s\000c\000r\000i\000p\000t\000i\000o\000n}{subsection.5.11}% 36
\BOOKMARK [2][-]{subsection.5.12}{\376\377\0005\000.\0001\0002\000\040\000f\000e\000a\000t\000u\000r\000e\000\137\000p\000o\000s\000i\000t\000i\000o\000n\000s\000\137\000t\000\040\000S\000t\000r\000u\000c\000t\000\040\000R\000e\000f\000e\000r\000e\000n\000c\000e}{section.5}% 37
\BOOKMARK [3][-]{subsubsection.5.12.1}{\376\377\0005\000.\0001\0002\000.\0001\000\040\000D\000e\000t\000a\000i\000l\000e\000d\000\040\000D\000e\000s\000c\000r\000i\000p\000t\000i\000o\000n}{subsection.5.12}% 38
\BOOKMARK [2][-]{subsection.5.13}{\376\377\0005\000.\0001\0003\000\040\000f\000e\000a\000t\000u\000r\000e\000\137\000v\000e\000l\000o\000c\000i\000t\000y\000\137\000t\000\040\000S\000t\000r\000u\000c\000t\000\040\000R\000e\000f\000e\000r\000e\000n\000c\000e}{section.5}% 39
\BOOKMARK [3][-]{subsubsection.5.13.1}{\376\377\0005\000.\0001\0003\000.\0001\000\040\000D\000e\000t\000a\000i\000l\000e\000d\000\040\000D\000e\000s\000c\000r\000i\000p\000t\000i\000o\000n}{subsection.5.13}% 40
\BOOKMARK [2][-]{subsection.5.14}{\376\377\0005\000.\0001\0004\000\040\000f\000i\000n\000d\000s\000\137\000o\000p\000t\000s\000\137\000t\000\040\000S\000t\000r\000u\000c\000t\000\040\000R\000e\000f\000e\000r\000e\000n\000c\000e}{section.5}% 41
\BOOKMARK [3][-]{subsubsection.5.14.1}{\376\377\0005\000.\0001\0004\000.\0001\000\040\000D\000e\000t\000a\000i\000l\000e\000d\000\040\000D\000e\000s\000c\000r\000i\000p\000t\000i\000o\000n}{subsection.5.14}% 42
\BOOKMARK [2][-]{subsection.5.15}{\376\377\0005\000.\0001\0005\000\040\000f\000i\000s\000h\000\137\000s\000y\000s\000t\000e\000m\000\137\000t\000\040\000S\000t\000r\000u\000c\000t\000\040\000R\000e\000f\000e\000r\000e\000n\000c\000e}{section.5}% 43
\BOOKMARK [3][-]{subsubsection.5.15.1}{\376\377\0005\000.\0001\0005\000.\0001\000\040\000D\000e\000t\000a\000i\000l\000e\000d\000\040\000D\000e\000s\000c\000r\000i\000p\000t\000i\000o\000n}{subsection.5.15}% 44
\BOOKMARK [2][-]{subsection.5.16}{\376\377\0005\000.\0001\0006\000\040\000i\000n\000t\000e\000g\000r\000a\000t\000i\000o\000n\000\137\000o\000p\000t\000s\000\137\000t\000\040\000S\000t\000r\000u\000c\000t\000\040\000R\000e\000f\000e\000r\000e\000n\000c\000e}{section.5}% 45
\BOOKMARK [3][-]{subsubsection.5.16.1}{\376\377\0005\000.\0001\0006\000.\0001\000\040\000D\000e\000t\000a\000i\000l\000e\000d\000\040\000D\000e\000s\000c\000r\000i\000p\000t\000i\000o\000n}{subsection.5.16}% 46
\BOOKMARK [2][-]{subsection.5.17}{\376\377\0005\000.\0001\0007\000\040\000l\000i\000n\000e\000a\000r\000\137\000o\000c\000t\000r\000e\000e\000\137\000b\000u\000i\000l\000d\000e\000r\000\137\000t\000\040\000S\000t\000r\000u\000c\000t\000\040\000R\000e\000f\000e\000r\000e\000n\000c\000e}{section.5}% 47
\BOOKMARK [3][-]{subsubsection.5.17.1}{\376\377\0005\000.\0001\0007\000.\0001\000\040\000D\000e\000t\000a\000i\000l\000e\000d\000\040\000D\000e\000s\000c\000r\000i\000p\000t\000i\000o\000n}{subsection.5.17}% 48
\BOOKMARK [2][-]{subsection.5.18}{\376\377\0005\000.\0001\0008\000\040\000l\000i\000n\000e\000a\000r\000\137\000o\000c\000t\000r\000e\000e\000\137\000t\000\040\000S\000t\000r\000u\000c\000t\000\040\000R\000e\000f\000e\000r\000e\000n\000c\000e}{section.5}% 49
\BOOKMARK [3][-]{subsubsection.5.18.1}{\376\377\0005\000.\0001\0008\000.\0001\000\040\000D\000e\000t\000a\000i\000l\000e\000d\000\040\000D\000e\000s\000c\000r\000i\000p\000t\000i\000o\000n}{subsection.5.18}% 50
\BOOKMARK [2][-]{subsection.5.19}{\376\377\0005\000.\0001\0009\000\040\000m\000a\000t\0003\000\137\000t\000\040\000S\000t\000r\000u\000c\000t\000\040\000R\000e\000f\000e\000r\000e\000n\000c\000e}{section.5}% 51
\BOOKMARK [3][-]{subsubsection.5.19.1}{\376\377\0005\000.\0001\0009\000.\0001\000\040\000D\000e\000t\000a\000i\000l\000e\000d\000\040\000D\000e\000s\000c\000r\000i\000p\000t\000i\000o\000n}{subsection.5.19}% 52
\BOOKMARK [2][-]{subsection.5.20}{\376\377\0005\000.\0002\0000\000\040\000p\000r\000o\000c\000e\000s\000s\000i\000n\000g\000m\000o\000d\000u\000l\000e\000s\000.\000M\000e\000a\000n\000R\000a\000d\000i\000a\000l\000D\000i\000s\000t\000a\000n\000c\000e\000P\000l\000o\000t\000.\000M\000e\000a\000n\000R\000a\000d\000i\000a\000l\000D\000i\000s\000t\000a\000n\000c\000e\000P\000l\000o\000t\000\040\000C\000l\000a\000s\000s\000\040\000R\000e\000f\000e\000r\000e\000n\000c\000e}{section.5}% 53
\BOOKMARK [3][-]{subsubsection.5.20.1}{\376\377\0005\000.\0002\0000\000.\0001\000\040\000D\000e\000t\000a\000i\000l\000e\000d\000\040\000D\000e\000s\000c\000r\000i\000p\000t\000i\000o\000n}{subsection.5.20}% 54
\BOOKMARK [3][-]{subsubsection.5.20.2}{\376\377\0005\000.\0002\0000\000.\0002\000\040\000M\000e\000m\000b\000e\000r\000\040\000F\000u\000n\000c\000t\000i\000o\000n\000\040\000D\000o\000c\000u\000m\000e\000n\000t\000a\000t\000i\000o\000n}{subsection.5.20}% 55
\BOOKMARK [2][-]{subsection.5.21}{\376\377\0005\000.\0002\0001\000\040\000m\000o\000r\000t\000o\000n\000\137\000k\000e\000y\000\137\000t\000\040\000S\000t\000r\000u\000c\000t\000\040\000R\000e\000f\000e\000r\000e\000n\000c\000e}{section.5}% 56
\BOOKMARK [3][-]{subsubsection.5.21.1}{\376\377\0005\000.\0002\0001\000.\0001\000\040\000D\000e\000t\000a\000i\000l\000e\000d\000\040\000D\000e\000s\000c\000r\000i\000p\000t\000i\000o\000n}{subsection.5.21}% 57
\BOOKMARK [2][-]{subsection.5.22}{\376\377\0005\000.\0002\0002\000\040\000n\000a\000m\000e\000d\000\137\000e\000n\000u\000m\000\137\000t\000\040\000S\000t\000r\000u\000c\000t\000\040\000R\000e\000f\000e\000r\000e\000n\000c\000e}{section.5}% 58
\BOOKMARK [3][-]{subsubsection.5.22.1}{\376\377\0005\000.\0002\0002\000.\0001\000\040\000D\000e\000t\000a\000i\000l\000e\000d\000\040\000D\000e\000s\000c\000r\000i\000p\000t\000i\000o\000n}{subsection.5.22}% 59
\BOOKMARK [2][-]{subsection.5.23}{\376\377\0005\000.\0002\0003\000\040\000o\000r\000i\000e\000n\000t\000a\000t\000i\000o\000n\000\137\000o\000p\000t\000i\000o\000n\000s\000\137\000t\000\040\000S\000t\000r\000u\000c\000t\000\040\000R\000e\000f\000e\000r\000e\000n\000c\000e}{section.5}% 60
\BOOKMARK [3][-]{subsubsection.5.23.1}{\376\377\0005\000.\0002\0003\000.\0001\000\040\000D\000e\000t\000a\000i\000l\000e\000d\000\040\000D\000e\000s\000c\000r\000i\000p\000t\000i\000o\000n}{subsection.5.23}% 61
\BOOKMARK [2][-]{subsection.5.24}{\376\377\0005\000.\0002\0004\000\040\000p\000r\000o\000c\000e\000s\000s\000i\000n\000g\000m\000o\000d\000u\000l\000e\000s\000.\000P\000r\000o\000c\000e\000s\000s\000i\000n\000g\000M\000o\000d\000u\000l\000e\000.\000P\000r\000o\000c\000e\000s\000s\000i\000n\000g\000M\000o\000d\000u\000l\000e\000\040\000C\000l\000a\000s\000s\000\040\000R\000e\000f\000e\000r\000e\000n\000c\000e}{section.5}% 62
\BOOKMARK [3][-]{subsubsection.5.24.1}{\376\377\0005\000.\0002\0004\000.\0001\000\040\000D\000e\000t\000a\000i\000l\000e\000d\000\040\000D\000e\000s\000c\000r\000i\000p\000t\000i\000o\000n}{subsection.5.24}% 63
\BOOKMARK [3][-]{subsubsection.5.24.2}{\376\377\0005\000.\0002\0004\000.\0002\000\040\000M\000e\000m\000b\000e\000r\000\040\000F\000u\000n\000c\000t\000i\000o\000n\000\040\000D\000o\000c\000u\000m\000e\000n\000t\000a\000t\000i\000o\000n}{subsection.5.24}% 64
\BOOKMARK [2][-]{subsection.5.25}{\376\377\0005\000.\0002\0005\000\040\000p\000r\000o\000c\000e\000s\000s\000i\000n\000g\000m\000o\000d\000u\000l\000e\000s\000.\000S\000n\000a\000p\000s\000h\000o\000t\000G\000e\000n\000e\000r\000a\000t\000o\000r\000.\000S\000n\000a\000p\000s\000h\000o\000t\000G\000e\000n\000e\000r\000a\000t\000o\000r\000\040\000C\000l\000a\000s\000s\000\040\000R\000e\000f\000e\000r\000e\000n\000c\000e}{section.5}% 65
\BOOKMARK [3][-]{subsubsection.5.25.1}{\376\377\0005\000.\0002\0005\000.\0001\000\040\000D\000e\000t\000a\000i\000l\000e\000d\000\040\000D\000e\000s\000c\000r\000i\000p\000t\000i\000o\000n}{subsection.5.25}% 66
\BOOKMARK [3][-]{subsubsection.5.25.2}{\376\377\0005\000.\0002\0005\000.\0002\000\040\000M\000e\000m\000b\000e\000r\000\040\000F\000u\000n\000c\000t\000i\000o\000n\000\040\000D\000o\000c\000u\000m\000e\000n\000t\000a\000t\000i\000o\000n}{subsection.5.25}% 67
\BOOKMARK [2][-]{subsection.5.26}{\376\377\0005\000.\0002\0006\000\040\000s\000w\000i\000m\000m\000e\000r\000\137\000f\000e\000a\000t\000u\000r\000e\000s\000\137\000t\000\040\000S\000t\000r\000u\000c\000t\000\040\000R\000e\000f\000e\000r\000e\000n\000c\000e}{section.5}% 68
\BOOKMARK [3][-]{subsubsection.5.26.1}{\376\377\0005\000.\0002\0006\000.\0001\000\040\000D\000e\000t\000a\000i\000l\000e\000d\000\040\000D\000e\000s\000c\000r\000i\000p\000t\000i\000o\000n}{subsection.5.26}% 69
\BOOKMARK [2][-]{subsection.5.27}{\376\377\0005\000.\0002\0007\000\040\000s\000w\000i\000m\000m\000e\000r\000\137\000t\000\040\000S\000t\000r\000u\000c\000t\000\040\000R\000e\000f\000e\000r\000e\000n\000c\000e}{section.5}% 70
\BOOKMARK [3][-]{subsubsection.5.27.1}{\376\377\0005\000.\0002\0007\000.\0001\000\040\000D\000e\000t\000a\000i\000l\000e\000d\000\040\000D\000e\000s\000c\000r\000i\000p\000t\000i\000o\000n}{subsection.5.27}% 71
\BOOKMARK [2][-]{subsection.5.28}{\376\377\0005\000.\0002\0008\000\040\000s\000y\000s\000t\000e\000m\000\137\000d\000e\000r\000i\000v\000a\000t\000i\000v\000e\000\137\000t\000\040\000S\000t\000r\000u\000c\000t\000\040\000R\000e\000f\000e\000r\000e\000n\000c\000e}{section.5}% 72
\BOOKMARK [3][-]{subsubsection.5.28.1}{\376\377\0005\000.\0002\0008\000.\0001\000\040\000D\000e\000t\000a\000i\000l\000e\000d\000\040\000D\000e\000s\000c\000r\000i\000p\000t\000i\000o\000n}{subsection.5.28}% 73
\BOOKMARK [2][-]{subsection.5.29}{\376\377\0005\000.\0002\0009\000\040\000s\000y\000s\000t\000e\000m\000\137\000t\000r\000a\000j\000e\000c\000t\000o\000r\000y\000\137\000t\000\040\000S\000t\000r\000u\000c\000t\000\040\000R\000e\000f\000e\000r\000e\000n\000c\000e}{section.5}% 74
\BOOKMARK [3][-]{subsubsection.5.29.1}{\376\377\0005\000.\0002\0009\000.\0001\000\040\000D\000e\000t\000a\000i\000l\000e\000d\000\040\000D\000e\000s\000c\000r\000i\000p\000t\000i\000o\000n}{subsection.5.29}% 75
\BOOKMARK [2][-]{subsection.5.30}{\376\377\0005\000.\0003\0000\000\040\000p\000r\000o\000c\000e\000s\000s\000i\000n\000g\000m\000o\000d\000u\000l\000e\000s\000.\000T\000r\000a\000j\000e\000c\000t\000o\000r\000y\000P\000l\000o\000t\000.\000T\000r\000a\000j\000e\000c\000t\000o\000r\000y\000P\000l\000o\000t\000\040\000C\000l\000a\000s\000s\000\040\000R\000e\000f\000e\000r\000e\000n\000c\000e}{section.5}% 76
\BOOKMARK [3][-]{subsubsection.5.30.1}{\376\377\0005\000.\0003\0000\000.\0001\000\040\000D\000e\000t\000a\000i\000l\000e\000d\000\040\000D\000e\000s\000c\000r\000i\000p\000t\000i\000o\000n}{subsection.5.30}% 77
\BOOKMARK [3][-]{subsubsection.5.30.2}{\376\377\0005\000.\0003\0000\000.\0002\000\040\000M\000e\000m\000b\000e\000r\000\040\000F\000u\000n\000c\000t\000i\000o\000n\000\040\000D\000o\000c\000u\000m\000e\000n\000t\000a\000t\000i\000o\000n}{subsection.5.30}% 78
\BOOKMARK [1][-]{section.6}{\376\377\0006\000\040\000F\000i\000l\000e\000\040\000D\000o\000c\000u\000m\000e\000n\000t\000a\000t\000i\000o\000n}{}% 79
\BOOKMARK [2][-]{subsection.6.1}{\376\377\0006\000.\0001\000\040\000i\000n\000c\000l\000u\000d\000e\000/\000f\000i\000n\000d\000s\000/\000b\000a\000r\000n\000e\000s\000h\000u\000t\000.\000h\000\040\000F\000i\000l\000e\000\040\000R\000e\000f\000e\000r\000e\000n\000c\000e}{section.6}% 80
\BOOKMARK [3][-]{subsubsection.6.1.1}{\376\377\0006\000.\0001\000.\0001\000\040\000D\000e\000t\000a\000i\000l\000e\000d\000\040\000D\000e\000s\000c\000r\000i\000p\000t\000i\000o\000n}{subsection.6.1}% 81
\BOOKMARK [3][-]{subsubsection.6.1.2}{\376\377\0006\000.\0001\000.\0002\000\040\000F\000u\000n\000c\000t\000i\000o\000n\000\040\000D\000o\000c\000u\000m\000e\000n\000t\000a\000t\000i\000o\000n}{subsection.6.1}% 82
\BOOKMARK [2][-]{subsection.6.2}{\376\377\0006\000.\0002\000\040\000i\000n\000c\000l\000u\000d\000e\000/\000f\000i\000n\000d\000s\000/\000c\000o\000n\000s\000t\000a\000n\000t\000s\000.\000h\000\040\000F\000i\000l\000e\000\040\000R\000e\000f\000e\000r\000e\000n\000c\000e}{section.6}% 83
\BOOKMARK [3][-]{subsubsection.6.2.1}{\376\377\0006\000.\0002\000.\0001\000\040\000D\000e\000t\000a\000i\000l\000e\000d\000\040\000D\000e\000s\000c\000r\000i\000p\000t\000i\000o\000n}{subsection.6.2}% 84
\BOOKMARK [2][-]{subsection.6.3}{\376\377\0006\000.\0003\000\040\000i\000n\000c\000l\000u\000d\000e\000/\000f\000i\000n\000d\000s\000/\000d\000a\000t\000a\000s\000t\000r\000e\000a\000m\000.\000h\000\040\000F\000i\000l\000e\000\040\000R\000e\000f\000e\000r\000e\000n\000c\000e}{section.6}% 85
\BOOKMARK [3][-]{subsubsection.6.3.1}{\376\377\0006\000.\0003\000.\0001\000\040\000D\000e\000t\000a\000i\000l\000e\000d\000\040\000D\000e\000s\000c\000r\000i\000p\000t\000i\000o\000n}{subsection.6.3}% 86
\BOOKMARK [3][-]{subsubsection.6.3.2}{\376\377\0006\000.\0003\000.\0002\000\040\000F\000u\000n\000c\000t\000i\000o\000n\000\040\000D\000o\000c\000u\000m\000e\000n\000t\000a\000t\000i\000o\000n}{subsection.6.3}% 87
\BOOKMARK [2][-]{subsection.6.4}{\376\377\0006\000.\0004\000\040\000i\000n\000c\000l\000u\000d\000e\000/\000f\000i\000n\000d\000s\000/\000d\000e\000r\000i\000v\000a\000t\000i\000v\000e\000.\000h\000\040\000F\000i\000l\000e\000\040\000R\000e\000f\000e\000r\000e\000n\000c\000e}{section.6}% 88
\BOOKMARK [3][-]{subsubsection.6.4.1}{\376\377\0006\000.\0004\000.\0001\000\040\000D\000e\000t\000a\000i\000l\000e\000d\000\040\000D\000e\000s\000c\000r\000i\000p\000t\000i\000o\000n}{subsection.6.4}% 89
\BOOKMARK [3][-]{subsubsection.6.4.2}{\376\377\0006\000.\0004\000.\0002\000\040\000F\000u\000n\000c\000t\000i\000o\000n\000\040\000D\000o\000c\000u\000m\000e\000n\000t\000a\000t\000i\000o\000n}{subsection.6.4}% 90
\BOOKMARK [2][-]{subsection.6.5}{\376\377\0006\000.\0005\000\040\000i\000n\000c\000l\000u\000d\000e\000/\000f\000i\000n\000d\000s\000/\000e\000r\000r\000o\000r\000.\000h\000\040\000F\000i\000l\000e\000\040\000R\000e\000f\000e\000r\000e\000n\000c\000e}{section.6}% 91
\BOOKMARK [3][-]{subsubsection.6.5.1}{\376\377\0006\000.\0005\000.\0001\000\040\000D\000e\000t\000a\000i\000l\000e\000d\000\040\000D\000e\000s\000c\000r\000i\000p\000t\000i\000o\000n}{subsection.6.5}% 92
\BOOKMARK [3][-]{subsubsection.6.5.2}{\376\377\0006\000.\0005\000.\0002\000\040\000M\000a\000c\000r\000o\000\040\000D\000e\000f\000i\000n\000i\000t\000i\000o\000n\000\040\000D\000o\000c\000u\000m\000e\000n\000t\000a\000t\000i\000o\000n}{subsection.6.5}% 93
\BOOKMARK [2][-]{subsection.6.6}{\376\377\0006\000.\0006\000\040\000i\000n\000c\000l\000u\000d\000e\000/\000f\000i\000n\000d\000s\000/\000e\000v\000a\000l\000u\000a\000t\000i\000o\000n\000.\000h\000\040\000F\000i\000l\000e\000\040\000R\000e\000f\000e\000r\000e\000n\000c\000e}{section.6}% 94
\BOOKMARK [3][-]{subsubsection.6.6.1}{\376\377\0006\000.\0006\000.\0001\000\040\000D\000e\000t\000a\000i\000l\000e\000d\000\040\000D\000e\000s\000c\000r\000i\000p\000t\000i\000o\000n}{subsection.6.6}% 95
\BOOKMARK [3][-]{subsubsection.6.6.2}{\376\377\0006\000.\0006\000.\0002\000\040\000F\000u\000n\000c\000t\000i\000o\000n\000\040\000D\000o\000c\000u\000m\000e\000n\000t\000a\000t\000i\000o\000n}{subsection.6.6}% 96
\BOOKMARK [2][-]{subsection.6.7}{\376\377\0006\000.\0007\000\040\000i\000n\000c\000l\000u\000d\000e\000/\000f\000i\000n\000d\000s\000/\000f\000i\000n\000d\000s\000.\000h\000\040\000F\000i\000l\000e\000\040\000R\000e\000f\000e\000r\000e\000n\000c\000e}{section.6}% 97
\BOOKMARK [2][-]{subsection.6.8}{\376\377\0006\000.\0008\000\040\000i\000n\000c\000l\000u\000d\000e\000/\000f\000i\000n\000d\000s\000/\000i\000n\000t\000e\000g\000r\000a\000t\000i\000o\000n\000.\000h\000\040\000F\000i\000l\000e\000\040\000R\000e\000f\000e\000r\000e\000n\000c\000e}{section.6}% 98
\BOOKMARK [3][-]{subsubsection.6.8.1}{\376\377\0006\000.\0008\000.\0001\000\040\000D\000e\000t\000a\000i\000l\000e\000d\000\040\000D\000e\000s\000c\000r\000i\000p\000t\000i\000o\000n}{subsection.6.8}% 99
\BOOKMARK [3][-]{subsubsection.6.8.2}{\376\377\0006\000.\0008\000.\0002\000\040\000M\000a\000c\000r\000o\000\040\000D\000e\000f\000i\000n\000i\000t\000i\000o\000n\000\040\000D\000o\000c\000u\000m\000e\000n\000t\000a\000t\000i\000o\000n}{subsection.6.8}% 100
\BOOKMARK [3][-]{subsubsection.6.8.3}{\376\377\0006\000.\0008\000.\0003\000\040\000V\000a\000r\000i\000a\000b\000l\000e\000\040\000D\000o\000c\000u\000m\000e\000n\000t\000a\000t\000i\000o\000n}{subsection.6.8}% 101
\BOOKMARK [2][-]{subsection.6.9}{\376\377\0006\000.\0009\000\040\000i\000n\000c\000l\000u\000d\000e\000/\000f\000i\000n\000d\000s\000/\000i\000n\000t\000e\000r\000a\000c\000t\000i\000o\000n\000.\000h\000\040\000F\000i\000l\000e\000\040\000R\000e\000f\000e\000r\000e\000n\000c\000e}{section.6}% 102
\BOOKMARK [3][-]{subsubsection.6.9.1}{\376\377\0006\000.\0009\000.\0001\000\040\000D\000e\000t\000a\000i\000l\000e\000d\000\040\000D\000e\000s\000c\000r\000i\000p\000t\000i\000o\000n}{subsection.6.9}% 103
\BOOKMARK [2][-]{subsection.6.10}{\376\377\0006\000.\0001\0000\000\040\000i\000n\000c\000l\000u\000d\000e\000/\000f\000i\000n\000d\000s\000/\000s\000i\000m\000u\000l\000a\000t\000i\000o\000n\000.\000h\000\040\000F\000i\000l\000e\000\040\000R\000e\000f\000e\000r\000e\000n\000c\000e}{section.6}% 104
\BOOKMARK [3][-]{subsubsection.6.10.1}{\376\377\0006\000.\0001\0000\000.\0001\000\040\000D\000e\000t\000a\000i\000l\000e\000d\000\040\000D\000e\000s\000c\000r\000i\000p\000t\000i\000o\000n}{subsection.6.10}% 105
\BOOKMARK [3][-]{subsubsection.6.10.2}{\376\377\0006\000.\0001\0000\000.\0002\000\040\000F\000u\000n\000c\000t\000i\000o\000n\000\040\000D\000o\000c\000u\000m\000e\000n\000t\000a\000t\000i\000o\000n}{subsection.6.10}% 106
\BOOKMARK [2][-]{subsection.6.11}{\376\377\0006\000.\0001\0001\000\040\000i\000n\000c\000l\000u\000d\000e\000/\000f\000i\000n\000d\000s\000/\000s\000y\000s\000t\000e\000m\000.\000h\000\040\000F\000i\000l\000e\000\040\000R\000e\000f\000e\000r\000e\000n\000c\000e}{section.6}% 107
\BOOKMARK [3][-]{subsubsection.6.11.1}{\376\377\0006\000.\0001\0001\000.\0001\000\040\000D\000e\000t\000a\000i\000l\000e\000d\000\040\000D\000e\000s\000c\000r\000i\000p\000t\000i\000o\000n}{subsection.6.11}% 108
\BOOKMARK [3][-]{subsubsection.6.11.2}{\376\377\0006\000.\0001\0001\000.\0002\000\040\000F\000u\000n\000c\000t\000i\000o\000n\000\040\000D\000o\000c\000u\000m\000e\000n\000t\000a\000t\000i\000o\000n}{subsection.6.11}% 109
\BOOKMARK [2][-]{subsection.6.12}{\376\377\0006\000.\0001\0002\000\040\000i\000n\000c\000l\000u\000d\000e\000/\000f\000i\000n\000d\000s\000/\000u\000t\000i\000l\000.\000h\000\040\000F\000i\000l\000e\000\040\000R\000e\000f\000e\000r\000e\000n\000c\000e}{section.6}% 110
\BOOKMARK [3][-]{subsubsection.6.12.1}{\376\377\0006\000.\0001\0002\000.\0001\000\040\000D\000e\000t\000a\000i\000l\000e\000d\000\040\000D\000e\000s\000c\000r\000i\000p\000t\000i\000o\000n}{subsection.6.12}% 111
\BOOKMARK [3][-]{subsubsection.6.12.2}{\376\377\0006\000.\0001\0002\000.\0002\000\040\000M\000a\000c\000r\000o\000\040\000D\000e\000f\000i\000n\000i\000t\000i\000o\000n\000\040\000D\000o\000c\000u\000m\000e\000n\000t\000a\000t\000i\000o\000n}{subsection.6.12}% 112
\BOOKMARK [2][-]{subsection.6.13}{\376\377\0006\000.\0001\0003\000\040\000i\000n\000c\000l\000u\000d\000e\000/\000f\000i\000n\000d\000s\000/\000v\000e\000c\000t\000o\000r\000.\000h\000\040\000F\000i\000l\000e\000\040\000R\000e\000f\000e\000r\000e\000n\000c\000e}{section.6}% 113
\BOOKMARK [3][-]{subsubsection.6.13.1}{\376\377\0006\000.\0001\0003\000.\0001\000\040\000D\000e\000t\000a\000i\000l\000e\000d\000\040\000D\000e\000s\000c\000r\000i\000p\000t\000i\000o\000n}{subsection.6.13}% 114
\BOOKMARK [3][-]{subsubsection.6.13.2}{\376\377\0006\000.\0001\0003\000.\0002\000\040\000M\000a\000c\000r\000o\000\040\000D\000e\000f\000i\000n\000i\000t\000i\000o\000n\000\040\000D\000o\000c\000u\000m\000e\000n\000t\000a\000t\000i\000o\000n}{subsection.6.13}% 115
\BOOKMARK [2][-]{subsection.6.14}{\376\377\0006\000.\0001\0004\000\040\000p\000r\000o\000g\000r\000a\000m\000s\000/\000b\000e\000n\000c\000h\000m\000a\000r\000k\000.\000c\000\040\000F\000i\000l\000e\000\040\000R\000e\000f\000e\000r\000e\000n\000c\000e}{section.6}% 116
\BOOKMARK [3][-]{subsubsection.6.14.1}{\376\377\0006\000.\0001\0004\000.\0001\000\040\000D\000e\000t\000a\000i\000l\000e\000d\000\040\000D\000e\000s\000c\000r\000i\000p\000t\000i\000o\000n}{subsection.6.14}% 117
\BOOKMARK [2][-]{subsection.6.15}{\376\377\0006\000.\0001\0005\000\040\000p\000r\000o\000g\000r\000a\000m\000s\000/\000b\000e\000n\000c\000h\000m\000a\000r\000k\000\137\000d\000e\000r\000i\000v\000a\000t\000i\000v\000e\000.\000c\000\040\000F\000i\000l\000e\000\040\000R\000e\000f\000e\000r\000e\000n\000c\000e}{section.6}% 118
\BOOKMARK [3][-]{subsubsection.6.15.1}{\376\377\0006\000.\0001\0005\000.\0001\000\040\000D\000e\000t\000a\000i\000l\000e\000d\000\040\000D\000e\000s\000c\000r\000i\000p\000t\000i\000o\000n}{subsection.6.15}% 119
\BOOKMARK [3][-]{subsubsection.6.15.2}{\376\377\0006\000.\0001\0005\000.\0002\000\040\000V\000a\000r\000i\000a\000b\000l\000e\000\040\000D\000o\000c\000u\000m\000e\000n\000t\000a\000t\000i\000o\000n}{subsection.6.15}% 120
\BOOKMARK [2][-]{subsection.6.16}{\376\377\0006\000.\0001\0006\000\040\000p\000r\000o\000g\000r\000a\000m\000s\000/\000l\000i\000n\000k\000e\000r\000\137\000t\000e\000s\000t\000.\000c\000\040\000F\000i\000l\000e\000\040\000R\000e\000f\000e\000r\000e\000n\000c\000e}{section.6}% 121
\BOOKMARK [3][-]{subsubsection.6.16.1}{\376\377\0006\000.\0001\0006\000.\0001\000\040\000D\000e\000t\000a\000i\000l\000e\000d\000\040\000D\000e\000s\000c\000r\000i\000p\000t\000i\000o\000n}{subsection.6.16}% 122
\BOOKMARK [2][-]{subsection.6.17}{\376\377\0006\000.\0001\0007\000\040\000p\000r\000o\000g\000r\000a\000m\000s\000/\000s\000i\000m\000u\000l\000a\000t\000e\000.\000c\000\040\000F\000i\000l\000e\000\040\000R\000e\000f\000e\000r\000e\000n\000c\000e}{section.6}% 123
\BOOKMARK [3][-]{subsubsection.6.17.1}{\376\377\0006\000.\0001\0007\000.\0001\000\040\000D\000e\000t\000a\000i\000l\000e\000d\000\040\000D\000e\000s\000c\000r\000i\000p\000t\000i\000o\000n}{subsection.6.17}% 124
\BOOKMARK [3][-]{subsubsection.6.17.2}{\376\377\0006\000.\0001\0007\000.\0002\000\040\000V\000a\000r\000i\000a\000b\000l\000e\000\040\000D\000o\000c\000u\000m\000e\000n\000t\000a\000t\000i\000o\000n}{subsection.6.17}% 125
\BOOKMARK [2][-]{subsection.6.18}{\376\377\0006\000.\0001\0008\000\040\000p\000r\000o\000g\000r\000a\000m\000s\000/\000v\000a\000l\000i\000d\000a\000t\000i\000o\000n\000.\000c\000\040\000F\000i\000l\000e\000\040\000R\000e\000f\000e\000r\000e\000n\000c\000e}{section.6}% 126
\BOOKMARK [3][-]{subsubsection.6.18.1}{\376\377\0006\000.\0001\0008\000.\0001\000\040\000D\000e\000t\000a\000i\000l\000e\000d\000\040\000D\000e\000s\000c\000r\000i\000p\000t\000i\000o\000n}{subsection.6.18}% 127
\BOOKMARK [3][-]{subsubsection.6.18.2}{\376\377\0006\000.\0001\0008\000.\0002\000\040\000M\000a\000c\000r\000o\000\040\000D\000e\000f\000i\000n\000i\000t\000i\000o\000n\000\040\000D\000o\000c\000u\000m\000e\000n\000t\000a\000t\000i\000o\000n}{subsection.6.18}% 128
\BOOKMARK [2][-]{subsection.6.19}{\376\377\0006\000.\0001\0009\000\040\000s\000r\000c\000/\000b\000a\000r\000n\000e\000s\000h\000u\000t\000.\000c\000\040\000F\000i\000l\000e\000\040\000R\000e\000f\000e\000r\000e\000n\000c\000e}{section.6}% 129
\BOOKMARK [3][-]{subsubsection.6.19.1}{\376\377\0006\000.\0001\0009\000.\0001\000\040\000D\000e\000t\000a\000i\000l\000e\000d\000\040\000D\000e\000s\000c\000r\000i\000p\000t\000i\000o\000n}{subsection.6.19}% 130
\BOOKMARK [3][-]{subsubsection.6.19.2}{\376\377\0006\000.\0001\0009\000.\0002\000\040\000M\000a\000c\000r\000o\000\040\000D\000e\000f\000i\000n\000i\000t\000i\000o\000n\000\040\000D\000o\000c\000u\000m\000e\000n\000t\000a\000t\000i\000o\000n}{subsection.6.19}% 131
\BOOKMARK [3][-]{subsubsection.6.19.3}{\376\377\0006\000.\0001\0009\000.\0003\000\040\000F\000u\000n\000c\000t\000i\000o\000n\000\040\000D\000o\000c\000u\000m\000e\000n\000t\000a\000t\000i\000o\000n}{subsection.6.19}% 132
\BOOKMARK [2][-]{subsection.6.20}{\376\377\0006\000.\0002\0000\000\040\000s\000r\000c\000/\000d\000a\000t\000a\000s\000t\000r\000e\000a\000m\000.\000c\000\040\000F\000i\000l\000e\000\040\000R\000e\000f\000e\000r\000e\000n\000c\000e}{section.6}% 133
\BOOKMARK [3][-]{subsubsection.6.20.1}{\376\377\0006\000.\0002\0000\000.\0001\000\040\000D\000e\000t\000a\000i\000l\000e\000d\000\040\000D\000e\000s\000c\000r\000i\000p\000t\000i\000o\000n}{subsection.6.20}% 134
\BOOKMARK [3][-]{subsubsection.6.20.2}{\376\377\0006\000.\0002\0000\000.\0002\000\040\000F\000u\000n\000c\000t\000i\000o\000n\000\040\000D\000o\000c\000u\000m\000e\000n\000t\000a\000t\000i\000o\000n}{subsection.6.20}% 135
\BOOKMARK [2][-]{subsection.6.21}{\376\377\0006\000.\0002\0001\000\040\000s\000r\000c\000/\000e\000v\000a\000l\000u\000a\000t\000i\000o\000n\000.\000c\000\040\000F\000i\000l\000e\000\040\000R\000e\000f\000e\000r\000e\000n\000c\000e}{section.6}% 136
\BOOKMARK [3][-]{subsubsection.6.21.1}{\376\377\0006\000.\0002\0001\000.\0001\000\040\000D\000e\000t\000a\000i\000l\000e\000d\000\040\000D\000e\000s\000c\000r\000i\000p\000t\000i\000o\000n}{subsection.6.21}% 137
\BOOKMARK [3][-]{subsubsection.6.21.2}{\376\377\0006\000.\0002\0001\000.\0002\000\040\000F\000u\000n\000c\000t\000i\000o\000n\000\040\000D\000o\000c\000u\000m\000e\000n\000t\000a\000t\000i\000o\000n}{subsection.6.21}% 138
\BOOKMARK [2][-]{subsection.6.22}{\376\377\0006\000.\0002\0002\000\040\000s\000r\000c\000/\000i\000n\000t\000e\000g\000r\000a\000t\000i\000o\000n\000.\000c\000\040\000F\000i\000l\000e\000\040\000R\000e\000f\000e\000r\000e\000n\000c\000e}{section.6}% 139
\BOOKMARK [3][-]{subsubsection.6.22.1}{\376\377\0006\000.\0002\0002\000.\0001\000\040\000D\000e\000t\000a\000i\000l\000e\000d\000\040\000D\000e\000s\000c\000r\000i\000p\000t\000i\000o\000n}{subsection.6.22}% 140
\BOOKMARK [3][-]{subsubsection.6.22.2}{\376\377\0006\000.\0002\0002\000.\0002\000\040\000F\000u\000n\000c\000t\000i\000o\000n\000\040\000D\000o\000c\000u\000m\000e\000n\000t\000a\000t\000i\000o\000n}{subsection.6.22}% 141
\BOOKMARK [3][-]{subsubsection.6.22.3}{\376\377\0006\000.\0002\0002\000.\0003\000\040\000V\000a\000r\000i\000a\000b\000l\000e\000\040\000D\000o\000c\000u\000m\000e\000n\000t\000a\000t\000i\000o\000n}{subsection.6.22}% 142
\BOOKMARK [2][-]{subsection.6.23}{\376\377\0006\000.\0002\0003\000\040\000s\000r\000c\000/\000s\000i\000m\000u\000l\000a\000t\000i\000o\000n\000.\000c\000\040\000F\000i\000l\000e\000\040\000R\000e\000f\000e\000r\000e\000n\000c\000e}{section.6}% 143
\BOOKMARK [3][-]{subsubsection.6.23.1}{\376\377\0006\000.\0002\0003\000.\0001\000\040\000D\000e\000t\000a\000i\000l\000e\000d\000\040\000D\000e\000s\000c\000r\000i\000p\000t\000i\000o\000n}{subsection.6.23}% 144
\BOOKMARK [3][-]{subsubsection.6.23.2}{\376\377\0006\000.\0002\0003\000.\0002\000\040\000F\000u\000n\000c\000t\000i\000o\000n\000\040\000D\000o\000c\000u\000m\000e\000n\000t\000a\000t\000i\000o\000n}{subsection.6.23}% 145
\BOOKMARK [2][-]{subsection.6.24}{\376\377\0006\000.\0002\0004\000\040\000s\000r\000c\000/\000s\000y\000s\000t\000e\000m\000.\000c\000\040\000F\000i\000l\000e\000\040\000R\000e\000f\000e\000r\000e\000n\000c\000e}{section.6}% 146
\BOOKMARK [3][-]{subsubsection.6.24.1}{\376\377\0006\000.\0002\0004\000.\0001\000\040\000D\000e\000t\000a\000i\000l\000e\000d\000\040\000D\000e\000s\000c\000r\000i\000p\000t\000i\000o\000n}{subsection.6.24}% 147
\BOOKMARK [3][-]{subsubsection.6.24.2}{\376\377\0006\000.\0002\0004\000.\0002\000\040\000F\000u\000n\000c\000t\000i\000o\000n\000\040\000D\000o\000c\000u\000m\000e\000n\000t\000a\000t\000i\000o\000n}{subsection.6.24}% 148
\BOOKMARK [3][-]{subsubsection.6.24.3}{\376\377\0006\000.\0002\0004\000.\0003\000\040\000V\000a\000r\000i\000a\000b\000l\000e\000\040\000D\000o\000c\000u\000m\000e\000n\000t\000a\000t\000i\000o\000n}{subsection.6.24}% 149
\BOOKMARK [2][-]{subsection.6.25}{\376\377\0006\000.\0002\0005\000\040\000t\000e\000s\000t\000s\000/\000m\000a\000i\000n\000.\000c\000\040\000F\000i\000l\000e\000\040\000R\000e\000f\000e\000r\000e\000n\000c\000e}{section.6}% 150
\BOOKMARK [3][-]{subsubsection.6.25.1}{\376\377\0006\000.\0002\0005\000.\0001\000\040\000D\000e\000t\000a\000i\000l\000e\000d\000\040\000D\000e\000s\000c\000r\000i\000p\000t\000i\000o\000n}{subsection.6.25}% 151
\BOOKMARK [2][-]{subsection.6.26}{\376\377\0006\000.\0002\0006\000\040\000t\000e\000s\000t\000s\000/\000t\000e\000s\000t\000\137\000d\000a\000t\000a\000s\000t\000r\000e\000a\000m\000.\000c\000\040\000F\000i\000l\000e\000\040\000R\000e\000f\000e\000r\000e\000n\000c\000e}{section.6}% 152
\BOOKMARK [3][-]{subsubsection.6.26.1}{\376\377\0006\000.\0002\0006\000.\0001\000\040\000D\000e\000t\000a\000i\000l\000e\000d\000\040\000D\000e\000s\000c\000r\000i\000p\000t\000i\000o\000n}{subsection.6.26}% 153
\BOOKMARK [3][-]{subsubsection.6.26.2}{\376\377\0006\000.\0002\0006\000.\0002\000\040\000F\000u\000n\000c\000t\000i\000o\000n\000\040\000D\000o\000c\000u\000m\000e\000n\000t\000a\000t\000i\000o\000n}{subsection.6.26}% 154
\BOOKMARK [2][-]{subsection.6.27}{\376\377\0006\000.\0002\0007\000\040\000t\000e\000s\000t\000s\000/\000t\000e\000s\000t\000\137\000d\000e\000r\000i\000v\000a\000t\000i\000v\000e\000.\000c\000\040\000F\000i\000l\000e\000\040\000R\000e\000f\000e\000r\000e\000n\000c\000e}{section.6}% 155
\BOOKMARK [3][-]{subsubsection.6.27.1}{\376\377\0006\000.\0002\0007\000.\0001\000\040\000D\000e\000t\000a\000i\000l\000e\000d\000\040\000D\000e\000s\000c\000r\000i\000p\000t\000i\000o\000n}{subsection.6.27}% 156
\BOOKMARK [2][-]{subsection.6.28}{\376\377\0006\000.\0002\0008\000\040\000t\000e\000s\000t\000s\000/\000t\000e\000s\000t\000\137\000i\000n\000t\000e\000g\000r\000a\000t\000i\000o\000n\000.\000c\000\040\000F\000i\000l\000e\000\040\000R\000e\000f\000e\000r\000e\000n\000c\000e}{section.6}% 157
\BOOKMARK [3][-]{subsubsection.6.28.1}{\376\377\0006\000.\0002\0008\000.\0001\000\040\000D\000e\000t\000a\000i\000l\000e\000d\000\040\000D\000e\000s\000c\000r\000i\000p\000t\000i\000o\000n}{subsection.6.28}% 158
\BOOKMARK [2][-]{subsection.6.29}{\376\377\0006\000.\0002\0009\000\040\000t\000e\000s\000t\000s\000/\000t\000e\000s\000t\000\137\000o\000c\000t\000r\000e\000e\000.\000c\000\040\000F\000i\000l\000e\000\040\000R\000e\000f\000e\000r\000e\000n\000c\000e}{section.6}% 159
\BOOKMARK [3][-]{subsubsection.6.29.1}{\376\377\0006\000.\0002\0009\000.\0001\000\040\000D\000e\000t\000a\000i\000l\000e\000d\000\040\000D\000e\000s\000c\000r\000i\000p\000t\000i\000o\000n}{subsection.6.29}% 160
\BOOKMARK [2][-]{subsection.6.30}{\376\377\0006\000.\0003\0000\000\040\000t\000e\000s\000t\000s\000/\000t\000e\000s\000t\000\137\000s\000i\000m\000u\000l\000a\000t\000i\000o\000n\000.\000c\000\040\000F\000i\000l\000e\000\040\000R\000e\000f\000e\000r\000e\000n\000c\000e}{section.6}% 161
\BOOKMARK [3][-]{subsubsection.6.30.1}{\376\377\0006\000.\0003\0000\000.\0001\000\040\000D\000e\000t\000a\000i\000l\000e\000d\000\040\000D\000e\000s\000c\000r\000i\000p\000t\000i\000o\000n}{subsection.6.30}% 162
\BOOKMARK [2][-]{subsection.6.31}{\376\377\0006\000.\0003\0001\000\040\000t\000e\000s\000t\000s\000/\000t\000e\000s\000t\000\137\000s\000y\000s\000t\000e\000m\000.\000c\000\040\000F\000i\000l\000e\000\040\000R\000e\000f\000e\000r\000e\000n\000c\000e}{section.6}% 163
\BOOKMARK [3][-]{subsubsection.6.31.1}{\376\377\0006\000.\0003\0001\000.\0001\000\040\000D\000e\000t\000a\000i\000l\000e\000d\000\040\000D\000e\000s\000c\000r\000i\000p\000t\000i\000o\000n}{subsection.6.31}% 164
\BOOKMARK [1][-]{section*.224}{\376\377\000I\000n\000d\000e\000x}{}% 165
